Archive member included to satisfy reference by file (symbol)

C:/ST/STM32CubeIDE_1.14.1/STM32CubeIDE/plugins/com.st.stm32cube.ide.mcu.externaltools.gnu-tools-for-stm32.11.3.rel1.win32_1.1.100.202309141235/tools/bin/../lib/gcc/arm-none-eabi/11.3.1/../../../../arm-none-eabi/lib/thumb/v7e-m+fp/hard\libc_nano.a(libc_a-exit.o)
                              C:/ST/STM32CubeIDE_1.14.1/STM32CubeIDE/plugins/com.st.stm32cube.ide.mcu.externaltools.gnu-tools-for-stm32.11.3.rel1.win32_1.1.100.202309141235/tools/bin/../lib/gcc/arm-none-eabi/11.3.1/../../../../arm-none-eabi/lib/thumb/v7e-m+fp/hard/crt0.o (exit)
C:/ST/STM32CubeIDE_1.14.1/STM32CubeIDE/plugins/com.st.stm32cube.ide.mcu.externaltools.gnu-tools-for-stm32.11.3.rel1.win32_1.1.100.202309141235/tools/bin/../lib/gcc/arm-none-eabi/11.3.1/../../../../arm-none-eabi/lib/thumb/v7e-m+fp/hard\libc_nano.a(libc_a-findfp.o)
                              C:/ST/STM32CubeIDE_1.14.1/STM32CubeIDE/plugins/com.st.stm32cube.ide.mcu.externaltools.gnu-tools-for-stm32.11.3.rel1.win32_1.1.100.202309141235/tools/bin/../lib/gcc/arm-none-eabi/11.3.1/../../../../arm-none-eabi/lib/thumb/v7e-m+fp/hard\libc_nano.a(libc_a-exit.o) (__stdio_exit_handler)
C:/ST/STM32CubeIDE_1.14.1/STM32CubeIDE/plugins/com.st.stm32cube.ide.mcu.externaltools.gnu-tools-for-stm32.11.3.rel1.win32_1.1.100.202309141235/tools/bin/../lib/gcc/arm-none-eabi/11.3.1/../../../../arm-none-eabi/lib/thumb/v7e-m+fp/hard\libc_nano.a(libc_a-fwalk.o)
                              C:/ST/STM32CubeIDE_1.14.1/STM32CubeIDE/plugins/com.st.stm32cube.ide.mcu.externaltools.gnu-tools-for-stm32.11.3.rel1.win32_1.1.100.202309141235/tools/bin/../lib/gcc/arm-none-eabi/11.3.1/../../../../arm-none-eabi/lib/thumb/v7e-m+fp/hard\libc_nano.a(libc_a-findfp.o) (_fwalk_sglue)
C:/ST/STM32CubeIDE_1.14.1/STM32CubeIDE/plugins/com.st.stm32cube.ide.mcu.externaltools.gnu-tools-for-stm32.11.3.rel1.win32_1.1.100.202309141235/tools/bin/../lib/gcc/arm-none-eabi/11.3.1/../../../../arm-none-eabi/lib/thumb/v7e-m+fp/hard\libc_nano.a(libc_a-sprintf.o)
                              ./Src/main.o (sprintf)
C:/ST/STM32CubeIDE_1.14.1/STM32CubeIDE/plugins/com.st.stm32cube.ide.mcu.externaltools.gnu-tools-for-stm32.11.3.rel1.win32_1.1.100.202309141235/tools/bin/../lib/gcc/arm-none-eabi/11.3.1/../../../../arm-none-eabi/lib/thumb/v7e-m+fp/hard\libc_nano.a(libc_a-stdio.o)
                              C:/ST/STM32CubeIDE_1.14.1/STM32CubeIDE/plugins/com.st.stm32cube.ide.mcu.externaltools.gnu-tools-for-stm32.11.3.rel1.win32_1.1.100.202309141235/tools/bin/../lib/gcc/arm-none-eabi/11.3.1/../../../../arm-none-eabi/lib/thumb/v7e-m+fp/hard\libc_nano.a(libc_a-findfp.o) (__sread)
C:/ST/STM32CubeIDE_1.14.1/STM32CubeIDE/plugins/com.st.stm32cube.ide.mcu.externaltools.gnu-tools-for-stm32.11.3.rel1.win32_1.1.100.202309141235/tools/bin/../lib/gcc/arm-none-eabi/11.3.1/../../../../arm-none-eabi/lib/thumb/v7e-m+fp/hard\libc_nano.a(libc_a-memset.o)
                              C:/ST/STM32CubeIDE_1.14.1/STM32CubeIDE/plugins/com.st.stm32cube.ide.mcu.externaltools.gnu-tools-for-stm32.11.3.rel1.win32_1.1.100.202309141235/tools/bin/../lib/gcc/arm-none-eabi/11.3.1/../../../../arm-none-eabi/lib/thumb/v7e-m+fp/hard/crt0.o (memset)
C:/ST/STM32CubeIDE_1.14.1/STM32CubeIDE/plugins/com.st.stm32cube.ide.mcu.externaltools.gnu-tools-for-stm32.11.3.rel1.win32_1.1.100.202309141235/tools/bin/../lib/gcc/arm-none-eabi/11.3.1/../../../../arm-none-eabi/lib/thumb/v7e-m+fp/hard\libc_nano.a(libc_a-closer.o)
                              C:/ST/STM32CubeIDE_1.14.1/STM32CubeIDE/plugins/com.st.stm32cube.ide.mcu.externaltools.gnu-tools-for-stm32.11.3.rel1.win32_1.1.100.202309141235/tools/bin/../lib/gcc/arm-none-eabi/11.3.1/../../../../arm-none-eabi/lib/thumb/v7e-m+fp/hard\libc_nano.a(libc_a-stdio.o) (_close_r)
C:/ST/STM32CubeIDE_1.14.1/STM32CubeIDE/plugins/com.st.stm32cube.ide.mcu.externaltools.gnu-tools-for-stm32.11.3.rel1.win32_1.1.100.202309141235/tools/bin/../lib/gcc/arm-none-eabi/11.3.1/../../../../arm-none-eabi/lib/thumb/v7e-m+fp/hard\libc_nano.a(libc_a-reent.o)
                              C:/ST/STM32CubeIDE_1.14.1/STM32CubeIDE/plugins/com.st.stm32cube.ide.mcu.externaltools.gnu-tools-for-stm32.11.3.rel1.win32_1.1.100.202309141235/tools/bin/../lib/gcc/arm-none-eabi/11.3.1/../../../../arm-none-eabi/lib/thumb/v7e-m+fp/hard\libc_nano.a(libc_a-closer.o) (errno)
C:/ST/STM32CubeIDE_1.14.1/STM32CubeIDE/plugins/com.st.stm32cube.ide.mcu.externaltools.gnu-tools-for-stm32.11.3.rel1.win32_1.1.100.202309141235/tools/bin/../lib/gcc/arm-none-eabi/11.3.1/../../../../arm-none-eabi/lib/thumb/v7e-m+fp/hard\libc_nano.a(libc_a-impure.o)
                              C:/ST/STM32CubeIDE_1.14.1/STM32CubeIDE/plugins/com.st.stm32cube.ide.mcu.externaltools.gnu-tools-for-stm32.11.3.rel1.win32_1.1.100.202309141235/tools/bin/../lib/gcc/arm-none-eabi/11.3.1/../../../../arm-none-eabi/lib/thumb/v7e-m+fp/hard\libc_nano.a(libc_a-sprintf.o) (_impure_ptr)
[...]
Memory Configuration

Name             Origin             Length             Attributes
RAM              0x0000000020000000 0x0000000000018000 xrw
FLASH            0x0000000008000000 0x0000000000080000 xr
*default*        0x0000000000000000 0xffffffffffffffff

Linker script and memory map

LOAD C:/ST/STM32CubeIDE_1.14.1/STM32CubeIDE/plugins/com.st.stm32cube.ide.mcu.externaltools.gnu-tools-for-stm32.11.3.rel1.win32_1.1.100.202309141235/tools/bin/../lib/gcc/arm-none-eabi/11.3.1/thumb/v7e-m+fp/hard/crti.o
LOAD C:/ST/STM32CubeIDE_1.14.1/STM32CubeIDE/plugins/com.st.stm32cube.ide.mcu.externaltools.gnu-tools-for-stm32.11.3.rel1.win32_1.1.100.202309141235/tools/bin/../lib/gcc/arm-none-eabi/11.3.1/thumb/v7e-m+fp/hard/crtbegin.o
LOAD C:/ST/STM32CubeIDE_1.14.1/STM32CubeIDE/plugins/com.st.stm32cube.ide.mcu.externaltools.gnu-tools-for-stm32.11.3.rel1.win32_1.1.100.202309141235/tools/bin/../lib/gcc/arm-none-eabi/11.3.1/../../../../arm-none-eabi/lib/thumb/v7e-m+fp/hard/crt0.o
LOAD ./CMSIS/Device/Source/system_stm32f4xx.o
LOAD ./SelfTestMode/ADCFeedback/LUT.o
LOAD ./SelfTestMode/ADCFeedback/filter.o
LOAD ./SelfTestMode/ADCFeedback/intadc.o
LOAD ./SelfTestMode/DebugPort/DebugPort.o
LOAD ./SelfTestMode/Motor/motor.o
LOAD ./SelfTestMode/TimeBase/timebase.o
LOAD ./SelfTestMode/UserInputButton/UserInputButton.o
LOAD ./SelfTestMode/UserLed/user_led.o
LOAD ./Src/main.o
LOAD ./Src/syscalls.o
LOAD ./Src/sysmem.o
LOAD ./Startup/startup_stm32f401retx.o
START GROUP
LOAD C:/ST/STM32CubeIDE_1.14.1/STM32CubeIDE/plugins/com.st.stm32cube.ide.mcu.externaltools.gnu-tools-for-stm32.11.3.rel1.win32_1.1.100.202309141235/tools/bin/../lib/gcc/arm-none-eabi/11.3.1/../../../../arm-none-eabi/lib/thumb/v7e-m+fp/hard\libc_nano.a
LOAD C:/ST/STM32CubeIDE_1.14.1/STM32CubeIDE/plugins/com.st.stm32cube.ide.mcu.externaltools.gnu-tools-for-stm32.11.3.rel1.win32_1.1.100.202309141235/tools/bin/../lib/gcc/arm-none-eabi/11.3.1/../../../../arm-none-eabi/lib/thumb/v7e-m+fp/hard\libm.a
END GROUP
START GROUP
LOAD C:/ST/STM32CubeIDE_1.14.1/STM32CubeIDE/plugins/com.st.stm32cube.ide.mcu.externaltools.gnu-tools-for-stm32.11.3.rel1.win32_1.1.100.202309141235/tools/bin/../lib/gcc/arm-none-eabi/11.3.1/thumb/v7e-m+fp/hard\libgcc.a
LOAD C:/ST/STM32CubeIDE_1.14.1/STM32CubeIDE/plugins/com.st.stm32cube.ide.mcu.externaltools.gnu-tools-for-stm32.11.3.rel1.win32_1.1.100.202309141235/tools/bin/../lib/gcc/arm-none-eabi/11.3.1/../../../../arm-none-eabi/lib/thumb/v7e-m+fp/hard\libc_nano.a
END GROUP
START GROUP
LOAD C:/ST/STM32CubeIDE_1.14.1/STM32CubeIDE/plugins/com.st.stm32cube.ide.mcu.externaltools.gnu-tools-for-stm32.11.3.rel1.win32_1.1.100.202309141235/tools/bin/../lib/gcc/arm-none-eabi/11.3.1/thumb/v7e-m+fp/hard\libgcc.a
LOAD C:/ST/STM32CubeIDE_1.14.1/STM32CubeIDE/plugins/com.st.stm32cube.ide.mcu.externaltools.gnu-tools-for-stm32.11.3.rel1.win32_1.1.100.202309141235/tools/bin/../lib/gcc/arm-none-eabi/11.3.1/../../../../arm-none-eabi/lib/thumb/v7e-m+fp/hard\libc_nano.a
LOAD C:/ST/STM32CubeIDE_1.14.1/STM32CubeIDE/plugins/com.st.stm32cube.ide.mcu.externaltools.gnu-tools-for-stm32.11.3.rel1.win32_1.1.100.202309141235/tools/bin/../lib/gcc/arm-none-eabi/11.3.1/../../../../arm-none-eabi/lib/thumb/v7e-m+fp/hard\libnosys.a
END GROUP
START GROUP
LOAD C:/ST/STM32CubeIDE_1.14.1/STM32CubeIDE/plugins/com.st.stm32cube.ide.mcu.externaltools.gnu-tools-for-stm32.11.3.rel1.win32_1.1.100.202309141235/tools/bin/../lib/gcc/arm-none-eabi/11.3.1/thumb/v7e-m+fp/hard\libgcc.a
LOAD C:/ST/STM32CubeIDE_1.14.1/STM32CubeIDE/plugins/com.st.stm32cube.ide.mcu.externaltools.gnu-tools-for-stm32.11.3.rel1.win32_1.1.100.202309141235/tools/bin/../lib/gcc/arm-none-eabi/11.3.1/../../../../arm-none-eabi/lib/thumb/v7e-m+fp/hard\libc_nano.a
LOAD C:/ST/STM32CubeIDE_1.14.1/STM32CubeIDE/plugins/com.st.stm32cube.ide.mcu.externaltools.gnu-tools-for-stm32.11.3.rel1.win32_1.1.100.202309141235/tools/bin/../lib/gcc/arm-none-eabi/11.3.1/../../../../arm-none-eabi/lib/thumb/v7e-m+fp/hard\libnosys.a
END GROUP
LOAD C:/ST/STM32CubeIDE_1.14.1/STM32CubeIDE/plugins/com.st.stm32cube.ide.mcu.externaltools.gnu-tools-for-stm32.11.3.rel1.win32_1.1.100.202309141235/tools/bin/../lib/gcc/arm-none-eabi/11.3.1/thumb/v7e-m+fp/hard/crtend.o
LOAD C:/ST/STM32CubeIDE_1.14.1/STM32CubeIDE/plugins/com.st.stm32cube.ide.mcu.externaltools.gnu-tools-for-stm32.11.3.rel1.win32_1.1.100.202309141235/tools/bin/../lib/gcc/arm-none-eabi/11.3.1/thumb/v7e-m+fp/hard/crtn.o
                0x0000000020018000                _estack = (ORIGIN (RAM) + LENGTH (RAM))
                0x0000000000000200                _Min_Heap_Size = 0x200
                0x0000000000000400                _Min_Stack_Size = 0x400

.isr_vector     0x0000000008000000      0x194
                0x0000000008000000                . = ALIGN (0x4)
 *(.isr_vector)
 .isr_vector    0x0000000008000000      0x194 ./Startup/startup_stm32f401retx.o
                0x0000000008000000                g_pfnVectors
                0x0000000008000194                . = ALIGN (0x4)

.text           0x00000000080001a0     0x1970
                0x00000000080001a0                . = ALIGN (0x4)
 *(.text)
 .text          0x00000000080001a0       0x40 C:/ST/STM32CubeIDE_1.14.1/STM32CubeIDE/plugins/com.st.stm32cube.ide.mcu.externaltools.gnu-tools-for-stm32.11.3.rel1.win32_1.1.100.202309141235/tools/bin/../lib/gcc/arm-none-eabi/11.3.1/thumb/v7e-m+fp/hard/crtbegin.o
 .text          0x00000000080001e0       0x10 C:/ST/STM32CubeIDE_1.14.1/STM32CubeIDE/plugins/com.st.stm32cube.ide.mcu.externaltools.gnu-tools-for-stm32.11.3.rel1.win32_1.1.100.202309141235/tools/bin/../lib/gcc/arm-none-eabi/11.3.1/../../../../arm-none-eabi/lib/thumb/v7e-m+fp/hard\libc_nano.a(libc_a-strlen.o)
                0x00000000080001e0                strlen
 .text          0x00000000080001f0       0xa0 C:/ST/STM32CubeIDE_1.14.1/STM32CubeIDE/plugins/com.st.stm32cube.ide.mcu.externaltools.gnu-tools-for-stm32.11.3.rel1.win32_1.1.100.202309141235/tools/bin/../lib/gcc/arm-none-eabi/11.3.1/../../../../arm-none-eabi/lib/thumb/v7e-m+fp/hard\libc_nano.a(libc_a-memchr.o)
                0x00000000080001f0                memchr
 .text          0x0000000008000290      0x378 C:/ST/STM32CubeIDE_1.14.1/STM32CubeIDE/plugins/com.st.stm32cube.ide.mcu.externaltools.gnu-tools-for-stm32.11.3.rel1.win32_1.1.100.202309141235/tools/bin/../lib/gcc/arm-none-eabi/11.3.1/thumb/v7e-m+fp/hard\libgcc.a(_arm_addsubdf3.o)
                0x0000000008000290                __aeabi_drsub
                0x0000000008000298                __aeabi_dsub
                0x0000000008000298                __subdf3
                0x000000000800029c                __aeabi_dadd
                0x000000000800029c                __adddf3
                0x0000000008000514                __floatunsidf
                0x0000000008000514                __aeabi_ui2d
                0x0000000008000534                __floatsidf
                0x0000000008000534                __aeabi_i2d
                0x0000000008000558                __aeabi_f2d
                0x0000000008000558                __extendsfdf2
                0x000000000800059c                __floatundidf
                0x000000000800059c                __aeabi_ul2d
                0x00000000080005ac                __floatdidf
                0x00000000080005ac                __aeabi_l2d
 .text          0x0000000008000608      0x110 C:/ST/STM32CubeIDE_1.14.1/STM32CubeIDE/plugins/com.st.stm32cube.ide.mcu.externaltools.gnu-tools-for-stm32.11.3.rel1.win32_1.1.100.202309141235/tools/bin/../lib/gcc/arm-none-eabi/11.3.1/thumb/v7e-m+fp/hard\libgcc.a(_arm_cmpdf2.o)
                0x0000000008000608                __gtdf2
                0x0000000008000608                __gedf2
                0x0000000008000610                __ltdf2
                0x0000000008000610                __ledf2
                0x0000000008000618                __nedf2
                0x0000000008000618                __eqdf2
                0x0000000008000618                __cmpdf2
                0x0000000008000694                __aeabi_cdrcmple
                0x00000000080006a4                __aeabi_cdcmpeq
                0x00000000080006a4                __aeabi_cdcmple
                0x00000000080006b4                __aeabi_dcmpeq
                0x00000000080006c8                __aeabi_dcmplt
                0x00000000080006dc                __aeabi_dcmple
                0x00000000080006f0                __aeabi_dcmpge
                0x0000000008000704                __aeabi_dcmpgt
 *(.text*)
 .text.SystemInit
                0x0000000008000718       0x24 ./CMSIS/Device/Source/system_stm32f4xx.o
                0x0000000008000718                SystemInit
 .text.SystemCoreClockUpdate
                0x000000000800073c      0x100 ./CMSIS/Device/Source/system_stm32f4xx.o
                0x000000000800073c                SystemCoreClockUpdate
 .text.mv_filter
                0x000000000800083c       0x54 ./SelfTestMode/ADCFeedback/filter.o
                0x000000000800083c                mv_filter
 .text.IntADCInit
                0x0000000008000890       0x30 ./SelfTestMode/ADCFeedback/intadc.o
                0x0000000008000890                IntADCInit
 .text.IntADCStart
                0x00000000080008c0       0x74 ./SelfTestMode/ADCFeedback/intadc.o
                0x00000000080008c0                IntADCStart
 .text.readAdc  0x0000000008000934       0x38 ./SelfTestMode/ADCFeedback/intadc.o
                0x0000000008000934                readAdc
 .text.ConvertToVoltage
                0x000000000800096c       0x2c ./SelfTestMode/ADCFeedback/intadc.o
                0x000000000800096c                ConvertToVoltage
 .text.UARTPinInit
                0x0000000008000998       0x84 ./SelfTestMode/DebugPort/DebugPort.o
                0x0000000008000998                UARTPinInit
 .text.UARTTXInit
                0x0000000008000a1c       0x68 ./SelfTestMode/DebugPort/DebugPort.o
                0x0000000008000a1c                UARTTXInit
 .text.UARTSend
                0x0000000008000a84       0x36 ./SelfTestMode/DebugPort/DebugPort.o
                0x0000000008000a84                UARTSend
 *fill*         0x0000000008000aba        0x2 
 .text.UARTSendChar
                0x0000000008000abc       0x40 ./SelfTestMode/DebugPort/DebugPort.o
                0x0000000008000abc                UARTSendChar
 .text.DebugPortInit
                0x0000000008000afc        0xc ./SelfTestMode/DebugPort/DebugPort.o
                0x0000000008000afc                DebugPortInit
 .text.DebugPortSend
                0x0000000008000b08       0x1a ./SelfTestMode/DebugPort/DebugPort.o
                0x0000000008000b08                DebugPortSend
 *fill*         0x0000000008000b22        0x2 
 .text.MotorInt
                0x0000000008000b24       0x6c ./SelfTestMode/Motor/motor.o
                0x0000000008000b24                MotorInt
 .text.MotorStart
                0x0000000008000b90       0xa8 ./SelfTestMode/Motor/motor.o
                0x0000000008000b90                MotorStart
 .text.MotorSpeedUpdate
                0x0000000008000c38       0x1c ./SelfTestMode/Motor/motor.o
                0x0000000008000c38                MotorSpeedUpdate
 .text.TimeBaseInit
                0x0000000008000c54       0x44 ./SelfTestMode/TimeBase/timebase.o
                0x0000000008000c54                TimeBaseInit
 .text.TimeBaseRegisterCallback
                0x0000000008000c98       0x80 ./SelfTestMode/TimeBase/timebase.o
                0x0000000008000c98                TimeBaseRegisterCallback
 .text.SysTick_Handler
                0x0000000008000d18       0xc4 ./SelfTestMode/TimeBase/timebase.o
                0x0000000008000d18                SysTick_Handler
 .text.UserButtonInit
                0x0000000008000ddc       0x30 ./SelfTestMode/UserInputButton/UserInputButton.o
                0x0000000008000ddc                UserButtonInit
 .text.UserButtonRead
                0x0000000008000e0c       0x24 ./SelfTestMode/UserInputButton/UserInputButton.o
                0x0000000008000e0c                UserButtonRead
 .text.UserLedInit
                0x0000000008000e30       0x3c ./SelfTestMode/UserLed/user_led.o
                0x0000000008000e30                UserLedInit
 .text.UserLedUpdate
                0x0000000008000e6c       0x38 ./SelfTestMode/UserLed/user_led.o
                0x0000000008000e6c                UserLedUpdate
 .text.SecondIncrementer
                0x0000000008000ea4       0xac ./Src/main.o
                0x0000000008000ea4                SecondIncrementer
 .text.UserButtonHandler
                0x0000000008000f50       0x4c ./Src/main.o
                0x0000000008000f50                UserButtonHandler
 .text.ADCReadHandler
                0x0000000008000f9c       0x40 ./Src/main.o
                0x0000000008000f9c                ADCReadHandler
 *fill*         0x0000000008000fdc        0x4 
 .text.ErrorCheckerHandler
                0x0000000008000fe0       0xbc ./Src/main.o
                0x0000000008000fe0                ErrorCheckerHandler
 .text.main     0x000000000800109c       0x64 ./Src/main.o
                0x000000000800109c                main
 .text._sbrk    0x0000000008001100       0x6c ./Src/sysmem.o
                0x0000000008001100                _sbrk
 .text.Reset_Handler
                0x000000000800116c       0x50 ./Startup/startup_stm32f401retx.o
                0x000000000800116c                Reset_Handler
 .text.Default_Handler
                0x00000000080011bc        0x2 ./Startup/startup_stm32f401retx.o
                0x00000000080011bc                EXTI2_IRQHandler
                0x00000000080011bc                DebugMon_Handler
                0x00000000080011bc                SPI4_IRQHandler
                0x00000000080011bc                TIM1_CC_IRQHandler
                0x00000000080011bc                DMA2_Stream5_IRQHandler
                0x00000000080011bc                HardFault_Handler
                0x00000000080011bc                DMA1_Stream5_IRQHandler
                0x00000000080011bc                SDIO_IRQHandler
                0x00000000080011bc                TAMP_STAMP_IRQHandler
                0x00000000080011bc                PendSV_Handler
                0x00000000080011bc                NMI_Handler
                0x00000000080011bc                EXTI3_IRQHandler
                0x00000000080011bc                TIM1_UP_TIM10_IRQHandler
                0x00000000080011bc                I2C3_ER_IRQHandler
                0x00000000080011bc                EXTI18_OTG_FS_WKUP_IRQHandler
                0x00000000080011bc                EXTI0_IRQHandler
                0x00000000080011bc                I2C2_EV_IRQHandler
                0x00000000080011bc                DMA1_Stream2_IRQHandler
                0x00000000080011bc                UsageFault_Handler
                0x00000000080011bc                DMA2_Stream2_IRQHandler
                0x00000000080011bc                SPI1_IRQHandler
                0x00000000080011bc                TIM1_BRK_TIM9_IRQHandler
                0x00000000080011bc                DMA2_Stream3_IRQHandler
                0x00000000080011bc                USART6_IRQHandler
                0x00000000080011bc                DMA2_Stream0_IRQHandler
                0x00000000080011bc                TIM4_IRQHandler
                0x00000000080011bc                I2C1_EV_IRQHandler
                0x00000000080011bc                DMA1_Stream6_IRQHandler
                0x00000000080011bc                DMA1_Stream1_IRQHandler
                0x00000000080011bc                TIM3_IRQHandler
                0x00000000080011bc                RCC_IRQHandler
                0x00000000080011bc                Default_Handler
                0x00000000080011bc                EXTI15_10_IRQHandler
                0x00000000080011bc                ADC_IRQHandler
                0x00000000080011bc                DMA1_Stream7_IRQHandler
                0x00000000080011bc                TIM5_IRQHandler
                0x00000000080011bc                DMA2_Stream7_IRQHandler
                0x00000000080011bc                I2C3_EV_IRQHandler
                0x00000000080011bc                EXTI9_5_IRQHandler
                0x00000000080011bc                SPI2_IRQHandler
                0x00000000080011bc                MemManage_Handler
                0x00000000080011bc                DMA1_Stream0_IRQHandler
                0x00000000080011bc                SVC_Handler
                0x00000000080011bc                EXTI4_IRQHandler
                0x00000000080011bc                EXTI22_RTC_WKUP_IRQHandler
                0x00000000080011bc                TIM2_IRQHandler
                0x00000000080011bc                EXTI16_PVD_IRQHandler
                0x00000000080011bc                TIM1_TRG_COM_TIM11_IRQHandler
                0x00000000080011bc                EXTI1_IRQHandler
                0x00000000080011bc                EXTI17_RTC_Alarm_IRQHandler
                0x00000000080011bc                USART2_IRQHandler
                0x00000000080011bc                I2C2_ER_IRQHandler
                0x00000000080011bc                DMA2_Stream1_IRQHandler
                0x00000000080011bc                FLASH_IRQHandler
                0x00000000080011bc                DMA2_Stream4_IRQHandler
                0x00000000080011bc                BusFault_Handler
                0x00000000080011bc                USART1_IRQHandler
                0x00000000080011bc                OTG_FS_IRQHandler
                0x00000000080011bc                SPI3_IRQHandler
                0x00000000080011bc                DMA1_Stream4_IRQHandler
                0x00000000080011bc                I2C1_ER_IRQHandler
                0x00000000080011bc                DMA2_Stream6_IRQHandler
                0x00000000080011bc                DMA1_Stream3_IRQHandler
 *fill*         0x00000000080011be        0x2 
 .text.sprintf  0x00000000080011c0       0x40 C:/ST/STM32CubeIDE_1.14.1/STM32CubeIDE/plugins/com.st.stm32cube.ide.mcu.externaltools.gnu-tools-for-stm32.11.3.rel1.win32_1.1.100.202309141235/tools/bin/../lib/gcc/arm-none-eabi/11.3.1/../../../../arm-none-eabi/lib/thumb/v7e-m+fp/hard\libc_nano.a(libc_a-sprintf.o)
                0x00000000080011c0                siprintf
                0x00000000080011c0                sprintf
 .text.__errno  0x0000000008001200        0xc C:/ST/STM32CubeIDE_1.14.1/STM32CubeIDE/plugins/com.st.stm32cube.ide.mcu.externaltools.gnu-tools-for-stm32.11.3.rel1.win32_1.1.100.202309141235/tools/bin/../lib/gcc/arm-none-eabi/11.3.1/../../../../arm-none-eabi/lib/thumb/v7e-m+fp/hard\libc_nano.a(libc_a-errno.o)
                0x0000000008001200                __errno
 .text.__libc_init_array
                0x000000000800120c       0x48 C:/ST/STM32CubeIDE_1.14.1/STM32CubeIDE/plugins/com.st.stm32cube.ide.mcu.externaltools.gnu-tools-for-stm32.11.3.rel1.win32_1.1.100.202309141235/tools/bin/../lib/gcc/arm-none-eabi/11.3.1/../../../../arm-none-eabi/lib/thumb/v7e-m+fp/hard\libc_nano.a(libc_a-init.o)
                0x000000000800120c                __libc_init_array
 .text.__retarget_lock_acquire_recursive
                0x0000000008001254        0x2 C:/ST/STM32CubeIDE_1.14.1/STM32CubeIDE/plugins/com.st.stm32cube.ide.mcu.externaltools.gnu-tools-for-stm32.11.3.rel1.win32_1.1.100.202309141235/tools/bin/../lib/gcc/arm-none-eabi/11.3.1/../../../../arm-none-eabi/lib/thumb/v7e-m+fp/hard\libc_nano.a(libc_a-lock.o)
                0x0000000008001254                __retarget_lock_acquire_recursive
 .text.__retarget_lock_release_recursive
                0x0000000008001256        0x2 C:/ST/STM32CubeIDE_1.14.1/STM32CubeIDE/plugins/com.st.stm32cube.ide.mcu.externaltools.gnu-tools-for-stm32.11.3.rel1.win32_1.1.100.202309141235/tools/bin/../lib/gcc/arm-none-eabi/11.3.1/../../../../arm-none-eabi/lib/thumb/v7e-m+fp/hard\libc_nano.a(libc_a-lock.o)
                0x0000000008001256                __retarget_lock_release_recursive
 .text._free_r  0x0000000008001258       0x98 C:/ST/STM32CubeIDE_1.14.1/STM32CubeIDE/plugins/com.st.stm32cube.ide.mcu.externaltools.gnu-tools-for-stm32.11.3.rel1.win32_1.1.100.202309141235/tools/bin/../lib/gcc/arm-none-eabi/11.3.1/../../../../arm-none-eabi/lib/thumb/v7e-m+fp/hard\libc_nano.a(libc_a-freer.o)
                0x0000000008001258                _free_r
 .text.sbrk_aligned
                0x00000000080012f0       0x40 C:/ST/STM32CubeIDE_1.14.1/STM32CubeIDE/plugins/com.st.stm32cube.ide.mcu.externaltools.gnu-tools-for-stm32.11.3.rel1.win32_1.1.100.202309141235/tools/bin/../lib/gcc/arm-none-eabi/11.3.1/../../../../arm-none-eabi/lib/thumb/v7e-m+fp/hard\libc_nano.a(libc_a-mallocr.o)
 .text._malloc_r
                0x0000000008001330      0x100 C:/ST/STM32CubeIDE_1.14.1/STM32CubeIDE/plugins/com.st.stm32cube.ide.mcu.externaltools.gnu-tools-for-stm32.11.3.rel1.win32_1.1.100.202309141235/tools/bin/../lib/gcc/arm-none-eabi/11.3.1/../../../../arm-none-eabi/lib/thumb/v7e-m+fp/hard\libc_nano.a(libc_a-mallocr.o)
                0x0000000008001330                _malloc_r
 .text.__malloc_lock
                0x0000000008001430        0xc C:/ST/STM32CubeIDE_1.14.1/STM32CubeIDE/plugins/com.st.stm32cube.ide.mcu.externaltools.gnu-tools-for-stm32.11.3.rel1.win32_1.1.100.202309141235/tools/bin/../lib/gcc/arm-none-eabi/11.3.1/../../../../arm-none-eabi/lib/thumb/v7e-m+fp/hard\libc_nano.a(libc_a-mlock.o)
                0x0000000008001430                __malloc_lock
 .text.__malloc_unlock
                0x000000000800143c        0xc C:/ST/STM32CubeIDE_1.14.1/STM32CubeIDE/plugins/com.st.stm32cube.ide.mcu.externaltools.gnu-tools-for-stm32.11.3.rel1.win32_1.1.100.202309141235/tools/bin/../lib/gcc/arm-none-eabi/11.3.1/../../../../arm-none-eabi/lib/thumb/v7e-m+fp/hard\libc_nano.a(libc_a-mlock.o)
                0x000000000800143c                __malloc_unlock
 .text.__ssputs_r
                0x0000000008001448       0xb4 C:/ST/STM32CubeIDE_1.14.1/STM32CubeIDE/plugins/com.st.stm32cube.ide.mcu.externaltools.gnu-tools-for-stm32.11.3.rel1.win32_1.1.100.202309141235/tools/bin/../lib/gcc/arm-none-eabi/11.3.1/../../../../arm-none-eabi/lib/thumb/v7e-m+fp/hard\libc_nano.a(libc_a-nano-svfprintf.o)
                0x0000000008001448                __ssputs_r
 .text._svfprintf_r
                0x00000000080014fc      0x1fc C:/ST/STM32CubeIDE_1.14.1/STM32CubeIDE/plugins/com.st.stm32cube.ide.mcu.externaltools.gnu-tools-for-stm32.11.3.rel1.win32_1.1.100.202309141235/tools/bin/../lib/gcc/arm-none-eabi/11.3.1/../../../../arm-none-eabi/lib/thumb/v7e-m+fp/hard\libc_nano.a(libc_a-nano-svfprintf.o)
                0x00000000080014fc                _svfiprintf_r
                0x00000000080014fc                _svfprintf_r
 .text._printf_common
                0x00000000080016f8       0xda C:/ST/STM32CubeIDE_1.14.1/STM32CubeIDE/plugins/com.st.stm32cube.ide.mcu.externaltools.gnu-tools-for-stm32.11.3.rel1.win32_1.1.100.202309141235/tools/bin/../lib/gcc/arm-none-eabi/11.3.1/../../../../arm-none-eabi/lib/thumb/v7e-m+fp/hard\libc_nano.a(libc_a-nano-vfprintf_i.o)
                0x00000000080016f8                _printf_common
 *fill*         0x00000000080017d2        0x2 
 .text._printf_i
                0x00000000080017d4      0x244 C:/ST/STM32CubeIDE_1.14.1/STM32CubeIDE/plugins/com.st.stm32cube.ide.mcu.externaltools.gnu-tools-for-stm32.11.3.rel1.win32_1.1.100.202309141235/tools/bin/../lib/gcc/arm-none-eabi/11.3.1/../../../../arm-none-eabi/lib/thumb/v7e-m+fp/hard\libc_nano.a(libc_a-nano-vfprintf_i.o)
                0x00000000080017d4                _printf_i
 .text.memmove  0x0000000008001a18       0x34 C:/ST/STM32CubeIDE_1.14.1/STM32CubeIDE/plugins/com.st.stm32cube.ide.mcu.externaltools.gnu-tools-for-stm32.11.3.rel1.win32_1.1.100.202309141235/tools/bin/../lib/gcc/arm-none-eabi/11.3.1/../../../../arm-none-eabi/lib/thumb/v7e-m+fp/hard\libc_nano.a(libc_a-memmove.o)
                0x0000000008001a18                memmove
 .text._sbrk_r  0x0000000008001a4c       0x20 C:/ST/STM32CubeIDE_1.14.1/STM32CubeIDE/plugins/com.st.stm32cube.ide.mcu.externaltools.gnu-tools-for-stm32.11.3.rel1.win32_1.1.100.202309141235/tools/bin/../lib/gcc/arm-none-eabi/11.3.1/../../../../arm-none-eabi/lib/thumb/v7e-m+fp/hard\libc_nano.a(libc_a-sbrkr.o)
                0x0000000008001a4c                _sbrk_r
 .text.memcpy   0x0000000008001a6c       0x1c C:/ST/STM32CubeIDE_1.14.1/STM32CubeIDE/plugins/com.st.stm32cube.ide.mcu.externaltools.gnu-tools-for-stm32.11.3.rel1.win32_1.1.100.202309141235/tools/bin/../lib/gcc/arm-none-eabi/11.3.1/../../../../arm-none-eabi/lib/thumb/v7e-m+fp/hard\libc_nano.a(libc_a-memcpy-stub.o)
                0x0000000008001a6c                memcpy
 .text._realloc_r
                0x0000000008001a88       0x5e C:/ST/STM32CubeIDE_1.14.1/STM32CubeIDE/plugins/com.st.stm32cube.ide.mcu.externaltools.gnu-tools-for-stm32.11.3.rel1.win32_1.1.100.202309141235/tools/bin/../lib/gcc/arm-none-eabi/11.3.1/../../../../arm-none-eabi/lib/thumb/v7e-m+fp/hard\libc_nano.a(libc_a-reallocr.o)
                0x0000000008001a88                _realloc_r
 .text._malloc_usable_size_r
                0x0000000008001ae6       0x10 C:/ST/STM32CubeIDE_1.14.1/STM32CubeIDE/plugins/com.st.stm32cube.ide.mcu.externaltools.gnu-tools-for-stm32.11.3.rel1.win32_1.1.100.202309141235/tools/bin/../lib/gcc/arm-none-eabi/11.3.1/../../../../arm-none-eabi/lib/thumb/v7e-m+fp/hard\libc_nano.a(libc_a-msizer.o)
                0x0000000008001ae6                _malloc_usable_size_r
 *(.glue_7)
 .glue_7        0x0000000008001af6        0x0 linker stubs
 *(.glue_7t)
 .glue_7t       0x0000000008001af6        0x0 linker stubs
 *(.eh_frame)
 *fill*         0x0000000008001af6        0x2 
 .eh_frame      0x0000000008001af8        0x0 C:/ST/STM32CubeIDE_1.14.1/STM32CubeIDE/plugins/com.st.stm32cube.ide.mcu.externaltools.gnu-tools-for-stm32.11.3.rel1.win32_1.1.100.202309141235/tools/bin/../lib/gcc/arm-none-eabi/11.3.1/thumb/v7e-m+fp/hard/crtbegin.o
 *(.init)
 .init          0x0000000008001af8        0x4 C:/ST/STM32CubeIDE_1.14.1/STM32CubeIDE/plugins/com.st.stm32cube.ide.mcu.externaltools.gnu-tools-for-stm32.11.3.rel1.win32_1.1.100.202309141235/tools/bin/../lib/gcc/arm-none-eabi/11.3.1/thumb/v7e-m+fp/hard/crti.o
                0x0000000008001af8                _init
 .init          0x0000000008001afc        0x8 C:/ST/STM32CubeIDE_1.14.1/STM32CubeIDE/plugins/com.st.stm32cube.ide.mcu.externaltools.gnu-tools-for-stm32.11.3.rel1.win32_1.1.100.202309141235/tools/bin/../lib/gcc/arm-none-eabi/11.3.1/thumb/v7e-m+fp/hard/crtn.o
 *(.fini)
 .fini          0x0000000008001b04        0x4 C:/ST/STM32CubeIDE_1.14.1/STM32CubeIDE/plugins/com.st.stm32cube.ide.mcu.externaltools.gnu-tools-for-stm32.11.3.rel1.win32_1.1.100.202309141235/tools/bin/../lib/gcc/arm-none-eabi/11.3.1/thumb/v7e-m+fp/hard/crti.o
                0x0000000008001b04                _fini
 .fini          0x0000000008001b08        0x8 C:/ST/STM32CubeIDE_1.14.1/STM32CubeIDE/plugins/com.st.stm32cube.ide.mcu.externaltools.gnu-tools-for-stm32.11.3.rel1.win32_1.1.100.202309141235/tools/bin/../lib/gcc/arm-none-eabi/11.3.1/thumb/v7e-m+fp/hard/crtn.o
                0x0000000008001b10                . = ALIGN (0x4)
                0x0000000008001b10                _etext = .

.vfp11_veneer   0x0000000008001b10        0x0
 .vfp11_veneer  0x0000000008001b10        0x0 linker stubs

.v4_bx          0x0000000008001b10        0x0
 .v4_bx         0x0000000008001b10        0x0 linker stubs

.iplt           0x0000000008001b10        0x0
 .iplt          0x0000000008001b10        0x0 C:/ST/STM32CubeIDE_1.14.1/STM32CubeIDE/plugins/com.st.stm32cube.ide.mcu.externaltools.gnu-tools-for-stm32.11.3.rel1.win32_1.1.100.202309141235/tools/bin/../lib/gcc/arm-none-eabi/11.3.1/thumb/v7e-m+fp/hard/crtbegin.o

.rodata         0x0000000008001b10       0x8c
                0x0000000008001b10                . = ALIGN (0x4)
 *(.rodata)
 .rodata        0x0000000008001b10       0x48 ./Src/main.o
 *(.rodata*)
 .rodata.AHBPrescTable
                0x0000000008001b58       0x10 ./CMSIS/Device/Source/system_stm32f4xx.o
                0x0000000008001b58                AHBPrescTable
 .rodata._svfprintf_r.str1.1
                0x0000000008001b68       0x11 C:/ST/STM32CubeIDE_1.14.1/STM32CubeIDE/plugins/com.st.stm32cube.ide.mcu.externaltools.gnu-tools-for-stm32.11.3.rel1.win32_1.1.100.202309141235/tools/bin/../lib/gcc/arm-none-eabi/11.3.1/../../../../arm-none-eabi/lib/thumb/v7e-m+fp/hard\libc_nano.a(libc_a-nano-svfprintf.o)
 .rodata._printf_i.str1.1
                0x0000000008001b79       0x22 C:/ST/STM32CubeIDE_1.14.1/STM32CubeIDE/plugins/com.st.stm32cube.ide.mcu.externaltools.gnu-tools-for-stm32.11.3.rel1.win32_1.1.100.202309141235/tools/bin/../lib/gcc/arm-none-eabi/11.3.1/../../../../arm-none-eabi/lib/thumb/v7e-m+fp/hard\libc_nano.a(libc_a-nano-vfprintf_i.o)
                0x0000000008001b9c                . = ALIGN (0x4)
 *fill*         0x0000000008001b9b        0x1 

.rel.dyn        0x0000000008001b9c        0x0
 .rel.iplt      0x0000000008001b9c        0x0 C:/ST/STM32CubeIDE_1.14.1/STM32CubeIDE/plugins/com.st.stm32cube.ide.mcu.externaltools.gnu-tools-for-stm32.11.3.rel1.win32_1.1.100.202309141235/tools/bin/../lib/gcc/arm-none-eabi/11.3.1/thumb/v7e-m+fp/hard/crtbegin.o

.ARM.extab      0x0000000008001b9c        0x0
                0x0000000008001b9c                . = ALIGN (0x4)
 *(.ARM.extab* .gnu.linkonce.armextab.*)
                0x0000000008001b9c                . = ALIGN (0x4)

.ARM            0x0000000008001b9c        0x0
                0x0000000008001b9c                . = ALIGN (0x4)
                0x0000000008001b9c                __exidx_start = .
 *(.ARM.exidx*)
                0x0000000008001b9c                __exidx_end = .
                0x0000000008001b9c                . = ALIGN (0x4)

.preinit_array  0x0000000008001b9c        0x0
                0x0000000008001b9c                . = ALIGN (0x4)
                0x0000000008001b9c                PROVIDE (__preinit_array_start = .)
 *(.preinit_array*)
                0x0000000008001b9c                PROVIDE (__preinit_array_end = .)
                0x0000000008001b9c                . = ALIGN (0x4)

.init_array     0x0000000008001b9c        0x4
                0x0000000008001b9c                . = ALIGN (0x4)
                0x0000000008001b9c                PROVIDE (__init_array_start = .)
 *(SORT_BY_NAME(.init_array.*))
 *(.init_array*)
 .init_array    0x0000000008001b9c        0x4 C:/ST/STM32CubeIDE_1.14.1/STM32CubeIDE/plugins/com.st.stm32cube.ide.mcu.externaltools.gnu-tools-for-stm32.11.3.rel1.win32_1.1.100.202309141235/tools/bin/../lib/gcc/arm-none-eabi/11.3.1/thumb/v7e-m+fp/hard/crtbegin.o
                0x0000000008001ba0                PROVIDE (__init_array_end = .)
                0x0000000008001ba0                . = ALIGN (0x4)

.fini_array     0x0000000008001ba0        0x4
                0x0000000008001ba0                . = ALIGN (0x4)
                [!provide]                        PROVIDE (__fini_array_start = .)
 *(SORT_BY_NAME(.fini_array.*))
 *(.fini_array*)
 .fini_array    0x0000000008001ba0        0x4 C:/ST/STM32CubeIDE_1.14.1/STM32CubeIDE/plugins/com.st.stm32cube.ide.mcu.externaltools.gnu-tools-for-stm32.11.3.rel1.win32_1.1.100.202309141235/tools/bin/../lib/gcc/arm-none-eabi/11.3.1/thumb/v7e-m+fp/hard/crtbegin.o
                [!provide]                        PROVIDE (__fini_array_end = .)
                0x0000000008001ba4                . = ALIGN (0x4)
                0x0000000008001ba4                _sidata = LOADADDR (.data)

.data           0x0000000020000000       0x84 load address 0x0000000008001ba4
                0x0000000020000000                . = ALIGN (0x4)
                0x0000000020000000                _sdata = .
 *(.data)
 *(.data*)
 .data.SystemCoreClock
                0x0000000020000000        0x4 ./CMSIS/Device/Source/system_stm32f4xx.o
                0x0000000020000000                SystemCoreClock
 .data.LUT_ADC_vals
                0x0000000020000004       0x30 ./SelfTestMode/ADCFeedback/LUT.o
                0x0000000020000004                LUT_ADC_vals
 .data._impure_data
                0x0000000020000034       0x4c C:/ST/STM32CubeIDE_1.14.1/STM32CubeIDE/plugins/com.st.stm32cube.ide.mcu.externaltools.gnu-tools-for-stm32.11.3.rel1.win32_1.1.100.202309141235/tools/bin/../lib/gcc/arm-none-eabi/11.3.1/../../../../arm-none-eabi/lib/thumb/v7e-m+fp/hard\libc_nano.a(libc_a-impure.o)
                0x0000000020000034                _impure_data
 .data._impure_ptr
                0x0000000020000080        0x4 C:/ST/STM32CubeIDE_1.14.1/STM32CubeIDE/plugins/com.st.stm32cube.ide.mcu.externaltools.gnu-tools-for-stm32.11.3.rel1.win32_1.1.100.202309141235/tools/bin/../lib/gcc/arm-none-eabi/11.3.1/../../../../arm-none-eabi/lib/thumb/v7e-m+fp/hard\libc_nano.a(libc_a-impure.o)
                0x0000000020000080                _impure_ptr
 *(.RamFunc)
 *(.RamFunc*)
                0x0000000020000084                . = ALIGN (0x4)
                0x0000000020000084                _edata = .

.igot.plt       0x0000000020000084        0x0 load address 0x0000000008001c28
 .igot.plt      0x0000000020000084        0x0 C:/ST/STM32CubeIDE_1.14.1/STM32CubeIDE/plugins/com.st.stm32cube.ide.mcu.externaltools.gnu-tools-for-stm32.11.3.rel1.win32_1.1.100.202309141235/tools/bin/../lib/gcc/arm-none-eabi/11.3.1/thumb/v7e-m+fp/hard/crtbegin.o
                0x0000000020000084                . = ALIGN (0x4)

.bss            0x0000000020000084      0x200 load address 0x0000000008001c28
                0x0000000020000084                _sbss = .
                0x0000000020000084                __bss_start__ = _sbss
 *(.bss)
 .bss           0x0000000020000084       0x1c C:/ST/STM32CubeIDE_1.14.1/STM32CubeIDE/plugins/com.st.stm32cube.ide.mcu.externaltools.gnu-tools-for-stm32.11.3.rel1.win32_1.1.100.202309141235/tools/bin/../lib/gcc/arm-none-eabi/11.3.1/thumb/v7e-m+fp/hard/crtbegin.o
 *(.bss*)
 .bss.old_avg.0
                0x00000000200000a0        0x4 ./SelfTestMode/ADCFeedback/filter.o
 .bss.NC        0x00000000200000a4       0x7c ./SelfTestMode/TimeBase/timebase.o
 .bss.temp.0    0x0000000020000120        0x4 ./SelfTestMode/TimeBase/timebase.o
 .bss.adc_filtered
                0x0000000020000124        0x4 ./Src/main.o
                0x0000000020000124                adc_filtered
 .bss.errorFlag
                0x0000000020000128        0x4 ./Src/main.o
                0x0000000020000128                errorFlag
 .bss.duty_cycle
                0x000000002000012c        0x4 ./Src/main.o
                0x000000002000012c                duty_cycle
 .bss.allow_adc_setting
                0x0000000020000130        0x4 ./Src/main.o
                0x0000000020000130                allow_adc_setting
 .bss.seconds   0x0000000020000134        0x4 ./Src/main.o
                0x0000000020000134                seconds
 .bss.__sbrk_heap_end
                0x0000000020000138        0x4 ./Src/sysmem.o
 .bss.__sf      0x000000002000013c      0x138 C:/ST/STM32CubeIDE_1.14.1/STM32CubeIDE/plugins/com.st.stm32cube.ide.mcu.externaltools.gnu-tools-for-stm32.11.3.rel1.win32_1.1.100.202309141235/tools/bin/../lib/gcc/arm-none-eabi/11.3.1/../../../../arm-none-eabi/lib/thumb/v7e-m+fp/hard\libc_nano.a(libc_a-findfp.o)
                0x000000002000013c                __sf
 .bss.errno     0x0000000020000274        0x4 C:/ST/STM32CubeIDE_1.14.1/STM32CubeIDE/plugins/com.st.stm32cube.ide.mcu.externaltools.gnu-tools-for-stm32.11.3.rel1.win32_1.1.100.202309141235/tools/bin/../lib/gcc/arm-none-eabi/11.3.1/../../../../arm-none-eabi/lib/thumb/v7e-m+fp/hard\libc_nano.a(libc_a-reent.o)
                0x0000000020000274                errno
 .bss.__lock___malloc_recursive_mutex
                0x0000000020000278        0x1 C:/ST/STM32CubeIDE_1.14.1/STM32CubeIDE/plugins/com.st.stm32cube.ide.mcu.externaltools.gnu-tools-for-stm32.11.3.rel1.win32_1.1.100.202309141235/tools/bin/../lib/gcc/arm-none-eabi/11.3.1/../../../../arm-none-eabi/lib/thumb/v7e-m+fp/hard\libc_nano.a(libc_a-lock.o)
                0x0000000020000278                __lock___malloc_recursive_mutex
 *fill*         0x0000000020000279        0x3 
 .bss.__malloc_free_list
                0x000000002000027c        0x4 C:/ST/STM32CubeIDE_1.14.1/STM32CubeIDE/plugins/com.st.stm32cube.ide.mcu.externaltools.gnu-tools-for-stm32.11.3.rel1.win32_1.1.100.202309141235/tools/bin/../lib/gcc/arm-none-eabi/11.3.1/../../../../arm-none-eabi/lib/thumb/v7e-m+fp/hard\libc_nano.a(libc_a-mallocr.o)
                0x000000002000027c                __malloc_free_list
 .bss.__malloc_sbrk_start
                0x0000000020000280        0x4 C:/ST/STM32CubeIDE_1.14.1/STM32CubeIDE/plugins/com.st.stm32cube.ide.mcu.externaltools.gnu-tools-for-stm32.11.3.rel1.win32_1.1.100.202309141235/tools/bin/../lib/gcc/arm-none-eabi/11.3.1/../../../../arm-none-eabi/lib/thumb/v7e-m+fp/hard\libc_nano.a(libc_a-mallocr.o)
                0x0000000020000280                __malloc_sbrk_start
 *(COMMON)
                0x0000000020000284                . = ALIGN (0x4)
                0x0000000020000284                _ebss = .
                0x0000000020000284                __bss_end__ = _ebss

._user_heap_stack
                0x0000000020000284      0x604 load address 0x0000000008001c28
                0x0000000020000288                . = ALIGN (0x8)
 *fill*         0x0000000020000284        0x4 
                [!provide]                        PROVIDE (end = .)
                0x0000000020000288                PROVIDE (_end = .)
                0x0000000020000488                . = (. + _Min_Heap_Size)
 *fill*         0x0000000020000288      0x200 
                0x0000000020000888                . = (. + _Min_Stack_Size)
 *fill*         0x0000000020000488      0x400 
                0x0000000020000888                . = ALIGN (0x8)

/DISCARD/
 libc.a(*)
 libm.a(*)
 libgcc.a(*)

.ARM.attributes
                0x0000000000000000       0x30
 *(.ARM.attributes)
 .ARM.attributes
                0x0000000000000000       0x1e C:/ST/STM32CubeIDE_1.14.1/STM32CubeIDE/plugins/com.st.stm32cube.ide.mcu.externaltools.gnu-tools-for-stm32.11.3.rel1.win32_1.1.100.202309141235/tools/bin/../lib/gcc/arm-none-eabi/11.3.1/thumb/v7e-m+fp/hard/crti.o
 .ARM.attributes
                0x000000000000001e       0x34 C:/ST/STM32CubeIDE_1.14.1/STM32CubeIDE/plugins/com.st.stm32cube.ide.mcu.externaltools.gnu-tools-for-stm32.11.3.rel1.win32_1.1.100.202309141235/tools/bin/../lib/gcc/arm-none-eabi/11.3.1/thumb/v7e-m+fp/hard/crtbegin.o
 .ARM.attributes
                0x0000000000000052       0x34 ./CMSIS/Device/Source/system_stm32f4xx.o
 .ARM.attributes
                0x0000000000000086       0x34 ./SelfTestMode/ADCFeedback/LUT.o
 .ARM.attributes
                0x00000000000000ba       0x34 ./SelfTestMode/ADCFeedback/filter.o
 .ARM.attributes
                0x00000000000000ee       0x34 ./SelfTestMode/ADCFeedback/intadc.o
 .ARM.attributes
                0x0000000000000122       0x34 ./SelfTestMode/DebugPort/DebugPort.o
 .ARM.attributes
                0x0000000000000156       0x34 ./SelfTestMode/Motor/motor.o
 .ARM.attributes
                0x000000000000018a       0x34 ./SelfTestMode/TimeBase/timebase.o
 .ARM.attributes
                0x00000000000001be       0x34 ./SelfTestMode/UserInputButton/UserInputButton.o
 .ARM.attributes
                0x00000000000001f2       0x34 ./SelfTestMode/UserLed/user_led.o
 .ARM.attributes
                0x0000000000000226       0x34 ./Src/main.o
 .ARM.attributes
                0x000000000000025a       0x34 ./Src/sysmem.o
 .ARM.attributes
                0x000000000000028e       0x21 ./Startup/startup_stm32f401retx.o
 .ARM.attributes
                0x00000000000002af       0x34 C:/ST/STM32CubeIDE_1.14.1/STM32CubeIDE/plugins/com.st.stm32cube.ide.mcu.externaltools.gnu-tools-for-stm32.11.3.rel1.win32_1.1.100.202309141235/tools/bin/../lib/gcc/arm-none-eabi/11.3.1/../../../../arm-none-eabi/lib/thumb/v7e-m+fp/hard\libc_nano.a(libc_a-findfp.o)
 .ARM.attributes
                0x00000000000002e3       0x34 C:/ST/STM32CubeIDE_1.14.1/STM32CubeIDE/plugins/com.st.stm32cube.ide.mcu.externaltools.gnu-tools-for-stm32.11.3.rel1.win32_1.1.100.202309141235/tools/bin/../lib/gcc/arm-none-eabi/11.3.1/../../../../arm-none-eabi/lib/thumb/v7e-m+fp/hard\libc_nano.a(libc_a-sprintf.o)
 .ARM.attributes
                0x0000000000000317       0x34 C:/ST/STM32CubeIDE_1.14.1/STM32CubeIDE/plugins/com.st.stm32cube.ide.mcu.externaltools.gnu-tools-for-stm32.11.3.rel1.win32_1.1.100.202309141235/tools/bin/../lib/gcc/arm-none-eabi/11.3.1/../../../../arm-none-eabi/lib/thumb/v7e-m+fp/hard\libc_nano.a(libc_a-reent.o)
 .ARM.attributes
                0x000000000000034b       0x34 C:/ST/STM32CubeIDE_1.14.1/STM32CubeIDE/plugins/com.st.stm32cube.ide.mcu.externaltools.gnu-tools-for-stm32.11.3.rel1.win32_1.1.100.202309141235/tools/bin/../lib/gcc/arm-none-eabi/11.3.1/../../../../arm-none-eabi/lib/thumb/v7e-m+fp/hard\libc_nano.a(libc_a-impure.o)
 .ARM.attributes
                0x000000000000037f       0x34 C:/ST/STM32CubeIDE_1.14.1/STM32CubeIDE/plugins/com.st.stm32cube.ide.mcu.externaltools.gnu-tools-for-stm32.11.3.rel1.win32_1.1.100.202309141235/tools/bin/../lib/gcc/arm-none-eabi/11.3.1/../../../../arm-none-eabi/lib/thumb/v7e-m+fp/hard\libc_nano.a(libc_a-errno.o)
 .ARM.attributes
                0x00000000000003b3       0x34 C:/ST/STM32CubeIDE_1.14.1/STM32CubeIDE/plugins/com.st.stm32cube.ide.mcu.externaltools.gnu-tools-for-stm32.11.3.rel1.win32_1.1.100.202309141235/tools/bin/../lib/gcc/arm-none-eabi/11.3.1/../../../../arm-none-eabi/lib/thumb/v7e-m+fp/hard\libc_nano.a(libc_a-init.o)
 .ARM.attributes
                0x00000000000003e7       0x34 C:/ST/STM32CubeIDE_1.14.1/STM32CubeIDE/plugins/com.st.stm32cube.ide.mcu.externaltools.gnu-tools-for-stm32.11.3.rel1.win32_1.1.100.202309141235/tools/bin/../lib/gcc/arm-none-eabi/11.3.1/../../../../arm-none-eabi/lib/thumb/v7e-m+fp/hard\libc_nano.a(libc_a-lock.o)
 .ARM.attributes
                0x000000000000041b       0x17 C:/ST/STM32CubeIDE_1.14.1/STM32CubeIDE/plugins/com.st.stm32cube.ide.mcu.externaltools.gnu-tools-for-stm32.11.3.rel1.win32_1.1.100.202309141235/tools/bin/../lib/gcc/arm-none-eabi/11.3.1/../../../../arm-none-eabi/lib/thumb/v7e-m+fp/hard\libc_nano.a(libc_a-strlen.o)
 .ARM.attributes
                0x0000000000000432       0x34 C:/ST/STM32CubeIDE_1.14.1/STM32CubeIDE/plugins/com.st.stm32cube.ide.mcu.externaltools.gnu-tools-for-stm32.11.3.rel1.win32_1.1.100.202309141235/tools/bin/../lib/gcc/arm-none-eabi/11.3.1/../../../../arm-none-eabi/lib/thumb/v7e-m+fp/hard\libc_nano.a(libc_a-freer.o)
 .ARM.attributes
                0x0000000000000466       0x34 C:/ST/STM32CubeIDE_1.14.1/STM32CubeIDE/plugins/com.st.stm32cube.ide.mcu.externaltools.gnu-tools-for-stm32.11.3.rel1.win32_1.1.100.202309141235/tools/bin/../lib/gcc/arm-none-eabi/11.3.1/../../../../arm-none-eabi/lib/thumb/v7e-m+fp/hard\libc_nano.a(libc_a-mallocr.o)
 .ARM.attributes
                0x000000000000049a       0x34 C:/ST/STM32CubeIDE_1.14.1/STM32CubeIDE/plugins/com.st.stm32cube.ide.mcu.externaltools.gnu-tools-for-stm32.11.3.rel1.win32_1.1.100.202309141235/tools/bin/../lib/gcc/arm-none-eabi/11.3.1/../../../../arm-none-eabi/lib/thumb/v7e-m+fp/hard\libc_nano.a(libc_a-mlock.o)
 .ARM.attributes
                0x00000000000004ce       0x34 C:/ST/STM32CubeIDE_1.14.1/STM32CubeIDE/plugins/com.st.stm32cube.ide.mcu.externaltools.gnu-tools-for-stm32.11.3.rel1.win32_1.1.100.202309141235/tools/bin/../lib/gcc/arm-none-eabi/11.3.1/../../../../arm-none-eabi/lib/thumb/v7e-m+fp/hard\libc_nano.a(libc_a-nano-svfprintf.o)
 .ARM.attributes
                0x0000000000000502       0x34 C:/ST/STM32CubeIDE_1.14.1/STM32CubeIDE/plugins/com.st.stm32cube.ide.mcu.externaltools.gnu-tools-for-stm32.11.3.rel1.win32_1.1.100.202309141235/tools/bin/../lib/gcc/arm-none-eabi/11.3.1/../../../../arm-none-eabi/lib/thumb/v7e-m+fp/hard\libc_nano.a(libc_a-nano-vfprintf_i.o)
 .ARM.attributes
                0x0000000000000536       0x34 C:/ST/STM32CubeIDE_1.14.1/STM32CubeIDE/plugins/com.st.stm32cube.ide.mcu.externaltools.gnu-tools-for-stm32.11.3.rel1.win32_1.1.100.202309141235/tools/bin/../lib/gcc/arm-none-eabi/11.3.1/../../../../arm-none-eabi/lib/thumb/v7e-m+fp/hard\libc_nano.a(libc_a-memmove.o)
 .ARM.attributes
                0x000000000000056a       0x34 C:/ST/STM32CubeIDE_1.14.1/STM32CubeIDE/plugins/com.st.stm32cube.ide.mcu.externaltools.gnu-tools-for-stm32.11.3.rel1.win32_1.1.100.202309141235/tools/bin/../lib/gcc/arm-none-eabi/11.3.1/../../../../arm-none-eabi/lib/thumb/v7e-m+fp/hard\libc_nano.a(libc_a-sbrkr.o)
 .ARM.attributes
                0x000000000000059e       0x1c C:/ST/STM32CubeIDE_1.14.1/STM32CubeIDE/plugins/com.st.stm32cube.ide.mcu.externaltools.gnu-tools-for-stm32.11.3.rel1.win32_1.1.100.202309141235/tools/bin/../lib/gcc/arm-none-eabi/11.3.1/../../../../arm-none-eabi/lib/thumb/v7e-m+fp/hard\libc_nano.a(libc_a-memchr.o)
 .ARM.attributes
                0x00000000000005ba       0x34 C:/ST/STM32CubeIDE_1.14.1/STM32CubeIDE/plugins/com.st.stm32cube.ide.mcu.externaltools.gnu-tools-for-stm32.11.3.rel1.win32_1.1.100.202309141235/tools/bin/../lib/gcc/arm-none-eabi/11.3.1/../../../../arm-none-eabi/lib/thumb/v7e-m+fp/hard\libc_nano.a(libc_a-memcpy-stub.o)
 .ARM.attributes
                0x00000000000005ee       0x34 C:/ST/STM32CubeIDE_1.14.1/STM32CubeIDE/plugins/com.st.stm32cube.ide.mcu.externaltools.gnu-tools-for-stm32.11.3.rel1.win32_1.1.100.202309141235/tools/bin/../lib/gcc/arm-none-eabi/11.3.1/../../../../arm-none-eabi/lib/thumb/v7e-m+fp/hard\libc_nano.a(libc_a-reallocr.o)
 .ARM.attributes
                0x0000000000000622       0x34 C:/ST/STM32CubeIDE_1.14.1/STM32CubeIDE/plugins/com.st.stm32cube.ide.mcu.externaltools.gnu-tools-for-stm32.11.3.rel1.win32_1.1.100.202309141235/tools/bin/../lib/gcc/arm-none-eabi/11.3.1/../../../../arm-none-eabi/lib/thumb/v7e-m+fp/hard\libc_nano.a(libc_a-msizer.o)
 .ARM.attributes
                0x0000000000000656       0x1e C:/ST/STM32CubeIDE_1.14.1/STM32CubeIDE/plugins/com.st.stm32cube.ide.mcu.externaltools.gnu-tools-for-stm32.11.3.rel1.win32_1.1.100.202309141235/tools/bin/../lib/gcc/arm-none-eabi/11.3.1/thumb/v7e-m+fp/hard\libgcc.a(_arm_addsubdf3.o)
 .ARM.attributes
                0x0000000000000674       0x1e C:/ST/STM32CubeIDE_1.14.1/STM32CubeIDE/plugins/com.st.stm32cube.ide.mcu.externaltools.gnu-tools-for-stm32.11.3.rel1.win32_1.1.100.202309141235/tools/bin/../lib/gcc/arm-none-eabi/11.3.1/thumb/v7e-m+fp/hard\libgcc.a(_arm_cmpdf2.o)
 .ARM.attributes
                0x0000000000000692       0x1e C:/ST/STM32CubeIDE_1.14.1/STM32CubeIDE/plugins/com.st.stm32cube.ide.mcu.externaltools.gnu-tools-for-stm32.11.3.rel1.win32_1.1.100.202309141235/tools/bin/../lib/gcc/arm-none-eabi/11.3.1/thumb/v7e-m+fp/hard/crtn.o
OUTPUT(Hill_Control_Proto.elf elf32-littlearm)
LOAD linker stubs
LOAD C:/ST/STM32CubeIDE_1.14.1/STM32CubeIDE/plugins/com.st.stm32cube.ide.mcu.externaltools.gnu-tools-for-stm32.11.3.rel1.win32_1.1.100.202309141235/tools/bin/../lib/gcc/arm-none-eabi/11.3.1/../../../../arm-none-eabi/lib/thumb/v7e-m+fp/hard\libc.a
LOAD C:/ST/STM32CubeIDE_1.14.1/STM32CubeIDE/plugins/com.st.stm32cube.ide.mcu.externaltools.gnu-tools-for-stm32.11.3.rel1.win32_1.1.100.202309141235/tools/bin/../lib/gcc/arm-none-eabi/11.3.1/../../../../arm-none-eabi/lib/thumb/v7e-m+fp/hard\libm.a
LOAD C:/ST/STM32CubeIDE_1.14.1/STM32CubeIDE/plugins/com.st.stm32cube.ide.mcu.externaltools.gnu-tools-for-stm32.11.3.rel1.win32_1.1.100.202309141235/tools/bin/../lib/gcc/arm-none-eabi/11.3.1/thumb/v7e-m+fp/hard\libgcc.a

.comment        0x0000000000000000       0x43
 .comment       0x0000000000000000       0x43 C:/ST/STM32CubeIDE_1.14.1/STM32CubeIDE/plugins/com.st.stm32cube.ide.mcu.externaltools.gnu-tools-for-stm32.11.3.rel1.win32_1.1.100.202309141235/tools/bin/../lib/gcc/arm-none-eabi/11.3.1/thumb/v7e-m+fp/hard/crtbegin.o
                                         0x44 (size before relaxing)
 .comment       0x0000000000000043       0x44 ./CMSIS/Device/Source/system_stm32f4xx.o
 .comment       0x0000000000000043       0x44 ./SelfTestMode/ADCFeedback/LUT.o
 .comment       0x0000000000000043       0x44 ./SelfTestMode/ADCFeedback/filter.o
 .comment       0x0000000000000043       0x44 ./SelfTestMode/ADCFeedback/intadc.o
 .comment       0x0000000000000043       0x44 ./SelfTestMode/DebugPort/DebugPort.o
 .comment       0x0000000000000043       0x44 ./SelfTestMode/Motor/motor.o
 .comment       0x0000000000000043       0x44 ./SelfTestMode/TimeBase/timebase.o
 .comment       0x0000000000000043       0x44 ./SelfTestMode/UserInputButton/UserInputButton.o
 .comment       0x0000000000000043       0x44 ./SelfTestMode/UserLed/user_led.o
 .comment       0x0000000000000043       0x44 ./Src/main.o
 .comment       0x0000000000000043       0x44 ./Src/sysmem.o

.debug_info     0x0000000000000000     0x1fe9
 .debug_info    0x0000000000000000      0x537 ./CMSIS/Device/Source/system_stm32f4xx.o
 .debug_info    0x0000000000000537       0x51 ./SelfTestMode/ADCFeedback/LUT.o
 .debug_info    0x0000000000000588       0x89 ./SelfTestMode/ADCFeedback/filter.o
 .debug_info    0x0000000000000611      0x441 ./SelfTestMode/ADCFeedback/intadc.o
 .debug_info    0x0000000000000a52      0x44a ./SelfTestMode/DebugPort/DebugPort.o
 .debug_info    0x0000000000000e9c      0x43a ./SelfTestMode/Motor/motor.o
 .debug_info    0x00000000000012d6      0x24f ./SelfTestMode/TimeBase/timebase.o
 .debug_info    0x0000000000001525      0x312 ./SelfTestMode/UserInputButton/UserInputButton.o
 .debug_info    0x0000000000001837      0x30e ./SelfTestMode/UserLed/user_led.o
 .debug_info    0x0000000000001b45      0x319 ./Src/main.o
 .debug_info    0x0000000000001e5e      0x168 ./Src/sysmem.o
 .debug_info    0x0000000000001fc6       0x23 ./Startup/startup_stm32f401retx.o

.debug_abbrev   0x0000000000000000      0xb2c
 .debug_abbrev  0x0000000000000000      0x11a ./CMSIS/Device/Source/system_stm32f4xx.o
 .debug_abbrev  0x000000000000011a       0x43 ./SelfTestMode/ADCFeedback/LUT.o
 .debug_abbrev  0x000000000000015d       0x61 ./SelfTestMode/ADCFeedback/filter.o
 .debug_abbrev  0x00000000000001be      0x144 ./SelfTestMode/ADCFeedback/intadc.o
 .debug_abbrev  0x0000000000000302      0x18a ./SelfTestMode/DebugPort/DebugPort.o
 .debug_abbrev  0x000000000000048c       0xe1 ./SelfTestMode/Motor/motor.o
 .debug_abbrev  0x000000000000056d      0x1b1 ./SelfTestMode/TimeBase/timebase.o
 .debug_abbrev  0x000000000000071e       0xdf ./SelfTestMode/UserInputButton/UserInputButton.o
 .debug_abbrev  0x00000000000007fd       0xdf ./SelfTestMode/UserLed/user_led.o
 .debug_abbrev  0x00000000000008dc      0x182 ./Src/main.o
 .debug_abbrev  0x0000000000000a5e       0xbc ./Src/sysmem.o
 .debug_abbrev  0x0000000000000b1a       0x12 ./Startup/startup_stm32f401retx.o

.debug_aranges  0x0000000000000000      0x220
 .debug_aranges
                0x0000000000000000       0x28 ./CMSIS/Device/Source/system_stm32f4xx.o
 .debug_aranges
                0x0000000000000028       0x18 ./SelfTestMode/ADCFeedback/LUT.o
 .debug_aranges
                0x0000000000000040       0x20 ./SelfTestMode/ADCFeedback/filter.o
 .debug_aranges
                0x0000000000000060       0x38 ./SelfTestMode/ADCFeedback/intadc.o
 .debug_aranges
                0x0000000000000098       0x48 ./SelfTestMode/DebugPort/DebugPort.o
 .debug_aranges
                0x00000000000000e0       0x38 ./SelfTestMode/Motor/motor.o
 .debug_aranges
                0x0000000000000118       0x30 ./SelfTestMode/TimeBase/timebase.o
 .debug_aranges
                0x0000000000000148       0x28 ./SelfTestMode/UserInputButton/UserInputButton.o
 .debug_aranges
                0x0000000000000170       0x28 ./SelfTestMode/UserLed/user_led.o
 .debug_aranges
                0x0000000000000198       0x40 ./Src/main.o
 .debug_aranges
                0x00000000000001d8       0x20 ./Src/sysmem.o
 .debug_aranges
                0x00000000000001f8       0x28 ./Startup/startup_stm32f401retx.o

.debug_rnglists
                0x0000000000000000      0x156
 .debug_rnglists
                0x0000000000000000       0x1a ./CMSIS/Device/Source/system_stm32f4xx.o
 .debug_rnglists
                0x000000000000001a       0x13 ./SelfTestMode/ADCFeedback/filter.o
 .debug_rnglists
                0x000000000000002d       0x25 ./SelfTestMode/ADCFeedback/intadc.o
 .debug_rnglists
                0x0000000000000052       0x32 ./SelfTestMode/DebugPort/DebugPort.o
 .debug_rnglists
                0x0000000000000084       0x26 ./SelfTestMode/Motor/motor.o
 .debug_rnglists
                0x00000000000000aa       0x21 ./SelfTestMode/TimeBase/timebase.o
 .debug_rnglists
                0x00000000000000cb       0x19 ./SelfTestMode/UserInputButton/UserInputButton.o
 .debug_rnglists
                0x00000000000000e4       0x19 ./SelfTestMode/UserLed/user_led.o
 .debug_rnglists
                0x00000000000000fd       0x2d ./Src/main.o
 .debug_rnglists
                0x000000000000012a       0x13 ./Src/sysmem.o
 .debug_rnglists
                0x000000000000013d       0x19 ./Startup/startup_stm32f401retx.o

.debug_macro    0x0000000000000000     0xf0c2
 .debug_macro   0x0000000000000000       0xda ./CMSIS/Device/Source/system_stm32f4xx.o
 .debug_macro   0x00000000000000da      0xab4 ./CMSIS/Device/Source/system_stm32f4xx.o
 .debug_macro   0x0000000000000b8e       0x28 ./CMSIS/Device/Source/system_stm32f4xx.o
 .debug_macro   0x0000000000000bb6       0x28 ./CMSIS/Device/Source/system_stm32f4xx.o
 .debug_macro   0x0000000000000bde       0x22 ./CMSIS/Device/Source/system_stm32f4xx.o
 .debug_macro   0x0000000000000c00       0x8e ./CMSIS/Device/Source/system_stm32f4xx.o
 .debug_macro   0x0000000000000c8e       0x51 ./CMSIS/Device/Source/system_stm32f4xx.o
 .debug_macro   0x0000000000000cdf      0x103 ./CMSIS/Device/Source/system_stm32f4xx.o
 .debug_macro   0x0000000000000de2       0x6a ./CMSIS/Device/Source/system_stm32f4xx.o
 .debug_macro   0x0000000000000e4c      0x1df ./CMSIS/Device/Source/system_stm32f4xx.o
 .debug_macro   0x000000000000102b       0x1c ./CMSIS/Device/Source/system_stm32f4xx.o
 .debug_macro   0x0000000000001047       0x22 ./CMSIS/Device/Source/system_stm32f4xx.o
 .debug_macro   0x0000000000001069       0xfb ./CMSIS/Device/Source/system_stm32f4xx.o
 .debug_macro   0x0000000000001164     0x1011 ./CMSIS/Device/Source/system_stm32f4xx.o
 .debug_macro   0x0000000000002175      0x11f ./CMSIS/Device/Source/system_stm32f4xx.o
 .debug_macro   0x0000000000002294     0xb86c ./CMSIS/Device/Source/system_stm32f4xx.o
 .debug_macro   0x000000000000db00       0x6d ./CMSIS/Device/Source/system_stm32f4xx.o
 .debug_macro   0x000000000000db6d       0x11 ./SelfTestMode/ADCFeedback/LUT.o
 .debug_macro   0x000000000000db7e       0x1b ./SelfTestMode/ADCFeedback/filter.o
 .debug_macro   0x000000000000db99       0xdd ./SelfTestMode/ADCFeedback/intadc.o
 .debug_macro   0x000000000000dc76       0x16 ./SelfTestMode/ADCFeedback/intadc.o
 .debug_macro   0x000000000000dc8c       0xdd ./SelfTestMode/DebugPort/DebugPort.o
 .debug_macro   0x000000000000dd69       0x10 ./SelfTestMode/DebugPort/DebugPort.o
 .debug_macro   0x000000000000dd79       0xdd ./SelfTestMode/Motor/motor.o
 .debug_macro   0x000000000000de56       0x10 ./SelfTestMode/Motor/motor.o
 .debug_macro   0x000000000000de66       0xdc ./SelfTestMode/TimeBase/timebase.o
 .debug_macro   0x000000000000df42       0xdd ./SelfTestMode/UserInputButton/UserInputButton.o
 .debug_macro   0x000000000000e01f       0x1c ./SelfTestMode/UserInputButton/UserInputButton.o
 .debug_macro   0x000000000000e03b       0xdd ./SelfTestMode/UserLed/user_led.o
 .debug_macro   0x000000000000e118       0x16 ./SelfTestMode/UserLed/user_led.o
 .debug_macro   0x000000000000e12e      0x224 ./Src/main.o
 .debug_macro   0x000000000000e352       0x61 ./Src/main.o
 .debug_macro   0x000000000000e3b3       0x2a ./Src/main.o
 .debug_macro   0x000000000000e3dd       0x43 ./Src/main.o
 .debug_macro   0x000000000000e420       0x34 ./Src/main.o
 .debug_macro   0x000000000000e454      0x174 ./Src/main.o
 .debug_macro   0x000000000000e5c8       0x16 ./Src/main.o
 .debug_macro   0x000000000000e5de       0x43 ./Src/main.o
 .debug_macro   0x000000000000e621       0x34 ./Src/main.o
 .debug_macro   0x000000000000e655       0x10 ./Src/main.o
 .debug_macro   0x000000000000e665       0x58 ./Src/main.o
 .debug_macro   0x000000000000e6bd       0x8e ./Src/main.o
 .debug_macro   0x000000000000e74b       0x1c ./Src/main.o
 .debug_macro   0x000000000000e767      0x177 ./Src/main.o
 .debug_macro   0x000000000000e8de      0x369 ./Src/main.o
 .debug_macro   0x000000000000ec47       0x10 ./Src/main.o
 .debug_macro   0x000000000000ec57       0x35 ./Src/main.o
 .debug_macro   0x000000000000ec8c       0x20 ./Src/main.o
 .debug_macro   0x000000000000ecac       0x16 ./Src/main.o
 .debug_macro   0x000000000000ecc2       0x16 ./Src/main.o
 .debug_macro   0x000000000000ecd8       0x29 ./Src/main.o
 .debug_macro   0x000000000000ed01       0x1c ./Src/main.o
 .debug_macro   0x000000000000ed1d       0x16 ./Src/main.o
 .debug_macro   0x000000000000ed33       0x1c ./Src/main.o
 .debug_macro   0x000000000000ed4f       0x22 ./Src/main.o
 .debug_macro   0x000000000000ed71       0x16 ./Src/main.o
 .debug_macro   0x000000000000ed87       0xff ./Src/sysmem.o
 .debug_macro   0x000000000000ee86      0x23c ./Src/sysmem.o

.debug_line     0x0000000000000000     0x35e7
 .debug_line    0x0000000000000000      0x568 ./CMSIS/Device/Source/system_stm32f4xx.o
 .debug_line    0x0000000000000568       0x42 ./SelfTestMode/ADCFeedback/LUT.o
 .debug_line    0x00000000000005aa       0x7a ./SelfTestMode/ADCFeedback/filter.o
 .debug_line    0x0000000000000624      0x55b ./SelfTestMode/ADCFeedback/intadc.o
 .debug_line    0x0000000000000b7f      0x5cb ./SelfTestMode/DebugPort/DebugPort.o
 .debug_line    0x000000000000114a      0x551 ./SelfTestMode/Motor/motor.o
 .debug_line    0x000000000000169b      0x5ae ./SelfTestMode/TimeBase/timebase.o
 .debug_line    0x0000000000001c49      0x51a ./SelfTestMode/UserInputButton/UserInputButton.o
 .debug_line    0x0000000000002163      0x507 ./SelfTestMode/UserLed/user_led.o
 .debug_line    0x000000000000266a      0x984 ./Src/main.o
 .debug_line    0x0000000000002fee      0x57e ./Src/sysmem.o
 .debug_line    0x000000000000356c       0x7b ./Startup/startup_stm32f401retx.o

.debug_str      0x0000000000000000    0x53819
 .debug_str     0x0000000000000000    0x4f7ad ./CMSIS/Device/Source/system_stm32f4xx.o
                                      0x4f923 (size before relaxing)
 .debug_str     0x000000000004f7ad       0x2f ./SelfTestMode/ADCFeedback/LUT.o
                                       0x2e02 (size before relaxing)
 .debug_str     0x000000000004f7dc       0x53 ./SelfTestMode/ADCFeedback/filter.o
                                       0x2e19 (size before relaxing)
 .debug_str     0x000000000004f82f      0x127 ./SelfTestMode/ADCFeedback/intadc.o
                                      0x4f91a (size before relaxing)
 .debug_str     0x000000000004f956       0xcb ./SelfTestMode/DebugPort/DebugPort.o
                                      0x4f8ea (size before relaxing)
 .debug_str     0x000000000004fa21       0xcf ./SelfTestMode/Motor/motor.o
                                      0x4f8ee (size before relaxing)
 .debug_str     0x000000000004faf0      0x112 ./SelfTestMode/TimeBase/timebase.o
                                      0x4f806 (size before relaxing)
 .debug_str     0x000000000004fc02       0xb9 ./SelfTestMode/UserInputButton/UserInputButton.o
                                      0x4f8d8 (size before relaxing)
 .debug_str     0x000000000004fcbb       0x87 ./SelfTestMode/UserLed/user_led.o
                                      0x4f8a6 (size before relaxing)
 .debug_str     0x000000000004fd42     0x35d1 ./Src/main.o
                                      0x52fc6 (size before relaxing)
 .debug_str     0x0000000000053313      0x4d7 ./Src/sysmem.o
                                       0x606b (size before relaxing)
 .debug_str     0x00000000000537ea       0x2f ./Startup/startup_stm32f401retx.o
                                         0x6c (size before relaxing)

.debug_frame    0x0000000000000000      0xb98
 .debug_frame   0x0000000000000000       0x58 ./CMSIS/Device/Source/system_stm32f4xx.o
 .debug_frame   0x0000000000000058       0x38 ./SelfTestMode/ADCFeedback/filter.o
 .debug_frame   0x0000000000000090       0xa0 ./SelfTestMode/ADCFeedback/intadc.o
 .debug_frame   0x0000000000000130       0xe0 ./SelfTestMode/DebugPort/DebugPort.o
 .debug_frame   0x0000000000000210       0x98 ./SelfTestMode/Motor/motor.o
 .debug_frame   0x00000000000002a8       0x7c ./SelfTestMode/TimeBase/timebase.o
 .debug_frame   0x0000000000000324       0x58 ./SelfTestMode/UserInputButton/UserInputButton.o
 .debug_frame   0x000000000000037c       0x58 ./SelfTestMode/UserLed/user_led.o
 .debug_frame   0x00000000000003d4       0xbc ./Src/main.o
 .debug_frame   0x0000000000000490       0x34 ./Src/sysmem.o
 .debug_frame   0x00000000000004c4      0x144 C:/ST/STM32CubeIDE_1.14.1/STM32CubeIDE/plugins/com.st.stm32cube.ide.mcu.externaltools.gnu-tools-for-stm32.11.3.rel1.win32_1.1.100.202309141235/tools/bin/../lib/gcc/arm-none-eabi/11.3.1/../../../../arm-none-eabi/lib/thumb/v7e-m+fp/hard\libc_nano.a(libc_a-findfp.o)
 .debug_frame   0x0000000000000608       0x6c C:/ST/STM32CubeIDE_1.14.1/STM32CubeIDE/plugins/com.st.stm32cube.ide.mcu.externaltools.gnu-tools-for-stm32.11.3.rel1.win32_1.1.100.202309141235/tools/bin/../lib/gcc/arm-none-eabi/11.3.1/../../../../arm-none-eabi/lib/thumb/v7e-m+fp/hard\libc_nano.a(libc_a-sprintf.o)
 .debug_frame   0x0000000000000674       0x38 C:/ST/STM32CubeIDE_1.14.1/STM32CubeIDE/plugins/com.st.stm32cube.ide.mcu.externaltools.gnu-tools-for-stm32.11.3.rel1.win32_1.1.100.202309141235/tools/bin/../lib/gcc/arm-none-eabi/11.3.1/../../../../arm-none-eabi/lib/thumb/v7e-m+fp/hard\libc_nano.a(libc_a-reent.o)
 .debug_frame   0x00000000000006ac       0x20 C:/ST/STM32CubeIDE_1.14.1/STM32CubeIDE/plugins/com.st.stm32cube.ide.mcu.externaltools.gnu-tools-for-stm32.11.3.rel1.win32_1.1.100.202309141235/tools/bin/../lib/gcc/arm-none-eabi/11.3.1/../../../../arm-none-eabi/lib/thumb/v7e-m+fp/hard\libc_nano.a(libc_a-errno.o)
 .debug_frame   0x00000000000006cc       0x2c C:/ST/STM32CubeIDE_1.14.1/STM32CubeIDE/plugins/com.st.stm32cube.ide.mcu.externaltools.gnu-tools-for-stm32.11.3.rel1.win32_1.1.100.202309141235/tools/bin/../lib/gcc/arm-none-eabi/11.3.1/../../../../arm-none-eabi/lib/thumb/v7e-m+fp/hard\libc_nano.a(libc_a-init.o)
 .debug_frame   0x00000000000006f8       0xb0 C:/ST/STM32CubeIDE_1.14.1/STM32CubeIDE/plugins/com.st.stm32cube.ide.mcu.externaltools.gnu-tools-for-stm32.11.3.rel1.win32_1.1.100.202309141235/tools/bin/../lib/gcc/arm-none-eabi/11.3.1/../../../../arm-none-eabi/lib/thumb/v7e-m+fp/hard\libc_nano.a(libc_a-lock.o)
 .debug_frame   0x00000000000007a8       0x38 C:/ST/STM32CubeIDE_1.14.1/STM32CubeIDE/plugins/com.st.stm32cube.ide.mcu.externaltools.gnu-tools-for-stm32.11.3.rel1.win32_1.1.100.202309141235/tools/bin/../lib/gcc/arm-none-eabi/11.3.1/../../../../arm-none-eabi/lib/thumb/v7e-m+fp/hard\libc_nano.a(libc_a-freer.o)
 .debug_frame   0x00000000000007e0       0x50 C:/ST/STM32CubeIDE_1.14.1/STM32CubeIDE/plugins/com.st.stm32cube.ide.mcu.externaltools.gnu-tools-for-stm32.11.3.rel1.win32_1.1.100.202309141235/tools/bin/../lib/gcc/arm-none-eabi/11.3.1/../../../../arm-none-eabi/lib/thumb/v7e-m+fp/hard\libc_nano.a(libc_a-mallocr.o)
 .debug_frame   0x0000000000000830       0x30 C:/ST/STM32CubeIDE_1.14.1/STM32CubeIDE/plugins/com.st.stm32cube.ide.mcu.externaltools.gnu-tools-for-stm32.11.3.rel1.win32_1.1.100.202309141235/tools/bin/../lib/gcc/arm-none-eabi/11.3.1/../../../../arm-none-eabi/lib/thumb/v7e-m+fp/hard\libc_nano.a(libc_a-mlock.o)
 .debug_frame   0x0000000000000860       0x90 C:/ST/STM32CubeIDE_1.14.1/STM32CubeIDE/plugins/com.st.stm32cube.ide.mcu.externaltools.gnu-tools-for-stm32.11.3.rel1.win32_1.1.100.202309141235/tools/bin/../lib/gcc/arm-none-eabi/11.3.1/../../../../arm-none-eabi/lib/thumb/v7e-m+fp/hard\libc_nano.a(libc_a-nano-svfprintf.o)
 .debug_frame   0x00000000000008f0       0x60 C:/ST/STM32CubeIDE_1.14.1/STM32CubeIDE/plugins/com.st.stm32cube.ide.mcu.externaltools.gnu-tools-for-stm32.11.3.rel1.win32_1.1.100.202309141235/tools/bin/../lib/gcc/arm-none-eabi/11.3.1/../../../../arm-none-eabi/lib/thumb/v7e-m+fp/hard\libc_nano.a(libc_a-nano-vfprintf_i.o)
 .debug_frame   0x0000000000000950       0x28 C:/ST/STM32CubeIDE_1.14.1/STM32CubeIDE/plugins/com.st.stm32cube.ide.mcu.externaltools.gnu-tools-for-stm32.11.3.rel1.win32_1.1.100.202309141235/tools/bin/../lib/gcc/arm-none-eabi/11.3.1/../../../../arm-none-eabi/lib/thumb/v7e-m+fp/hard\libc_nano.a(libc_a-memmove.o)
 .debug_frame   0x0000000000000978       0x2c C:/ST/STM32CubeIDE_1.14.1/STM32CubeIDE/plugins/com.st.stm32cube.ide.mcu.externaltools.gnu-tools-for-stm32.11.3.rel1.win32_1.1.100.202309141235/tools/bin/../lib/gcc/arm-none-eabi/11.3.1/../../../../arm-none-eabi/lib/thumb/v7e-m+fp/hard\libc_nano.a(libc_a-sbrkr.o)
 .debug_frame   0x00000000000009a4       0x28 C:/ST/STM32CubeIDE_1.14.1/STM32CubeIDE/plugins/com.st.stm32cube.ide.mcu.externaltools.gnu-tools-for-stm32.11.3.rel1.win32_1.1.100.202309141235/tools/bin/../lib/gcc/arm-none-eabi/11.3.1/../../../../arm-none-eabi/lib/thumb/v7e-m+fp/hard\libc_nano.a(libc_a-memcpy-stub.o)
 .debug_frame   0x00000000000009cc       0x3c C:/ST/STM32CubeIDE_1.14.1/STM32CubeIDE/plugins/com.st.stm32cube.ide.mcu.externaltools.gnu-tools-for-stm32.11.3.rel1.win32_1.1.100.202309141235/tools/bin/../lib/gcc/arm-none-eabi/11.3.1/../../../../arm-none-eabi/lib/thumb/v7e-m+fp/hard\libc_nano.a(libc_a-reallocr.o)
 .debug_frame   0x0000000000000a08       0x20 C:/ST/STM32CubeIDE_1.14.1/STM32CubeIDE/plugins/com.st.stm32cube.ide.mcu.externaltools.gnu-tools-for-stm32.11.3.rel1.win32_1.1.100.202309141235/tools/bin/../lib/gcc/arm-none-eabi/11.3.1/../../../../arm-none-eabi/lib/thumb/v7e-m+fp/hard\libc_nano.a(libc_a-msizer.o)
 .debug_frame   0x0000000000000a28       0xac C:/ST/STM32CubeIDE_1.14.1/STM32CubeIDE/plugins/com.st.stm32cube.ide.mcu.externaltools.gnu-tools-for-stm32.11.3.rel1.win32_1.1.100.202309141235/tools/bin/../lib/gcc/arm-none-eabi/11.3.1/thumb/v7e-m+fp/hard\libgcc.a(_arm_addsubdf3.o)
 .debug_frame   0x0000000000000ad4       0xc4 C:/ST/STM32CubeIDE_1.14.1/STM32CubeIDE/plugins/com.st.stm32cube.ide.mcu.externaltools.gnu-tools-for-stm32.11.3.rel1.win32_1.1.100.202309141235/tools/bin/../lib/gcc/arm-none-eabi/11.3.1/thumb/v7e-m+fp/hard\libgcc.a(_arm_cmpdf2.o)

.debug_line_str
                0x0000000000000000       0x60
 .debug_line_str
                0x0000000000000000       0x60 ./Startup/startup_stm32f401retx.o
                                         0x78 (size before relaxing)
